<html>
<body>
<pre>
<h1>µVision Build Log</h1>
<h2>Project:</h2>
C:\Users\haris\Documents\ARM\Embedded C\Mini_Project\Voting_machine\Modern_VOTER.uvproj
Project File Date:  02/18/2026

<h2>Output:</h2>
Build target 'Target 1'
assembling Startup.s...
compiling main.c...
main.c(3): error:  #5: cannot open source input file "header": No such file or directory
Target not created
Build target 'Target 1'
compiling main.c...
header.h(17): warning:  #223-D: function "lcd_str" declared implicitly
main.c(7): warning:  #223-D: function "header" declared implicitly
linking...
Modern_VOTER.axf: Error: L6218E: Undefined symbol header (referred from main.o).
Modern_VOTER.axf: Error: L6218E: Undefined symbol lcd_str (referred from main.o).
Target not created
Build target 'Target 1'
compiling main.c...
linking...
Program Size: Code=1456 RO-data=84 RW-data=0 ZI-data=1256  
FromELF: creating hex file...
"Modern_VOTER.axf" - 0 Error(s), 0 Warning(s).
Build target 'Target 1'
compiling main.c...
linking...
Program Size: Code=1456 RO-data=84 RW-data=0 ZI-data=1256  
FromELF: creating hex file...
"Modern_VOTER.axf" - 0 Error(s), 0 Warning(s).
Build target 'Target 1'
compiling main.c...
linking...
Program Size: Code=1456 RO-data=84 RW-data=0 ZI-data=1256  
FromELF: creating hex file...
"Modern_VOTER.axf" - 0 Error(s), 0 Warning(s).
Build target 'Target 1'
linking...
Program Size: Code=1456 RO-data=84 RW-data=0 ZI-data=1256  
FromELF: creating hex file...
"Modern_VOTER.axf" - 0 Error(s), 0 Warning(s).
Build target 'Target 1'
compiling main.c...
linking...
Program Size: Code=1456 RO-data=84 RW-data=0 ZI-data=1256  
FromELF: creating hex file...
"Modern_VOTER.axf" - 0 Error(s), 0 Warning(s).
Build target 'Target 1'
compiling main.c...
linking...
Program Size: Code=1456 RO-data=84 RW-data=0 ZI-data=1256  
FromELF: creating hex file...
"Modern_VOTER.axf" - 0 Error(s), 0 Warning(s).
Build target 'Target 1'
compiling main.c...
linking...
Program Size: Code=1456 RO-data=84 RW-data=0 ZI-data=1256  
FromELF: creating hex file...
"Modern_VOTER.axf" - 0 Error(s), 0 Warning(s).
Build target 'Target 1'
compiling main.c...
linking...
Program Size: Code=1452 RO-data=84 RW-data=0 ZI-data=1256  
FromELF: creating hex file...
"Modern_VOTER.axf" - 0 Error(s), 0 Warning(s).
Build target 'Target 1'
compiling main.c...
linking...
Program Size: Code=1456 RO-data=84 RW-data=0 ZI-data=1256  
FromELF: creating hex file...
"Modern_VOTER.axf" - 0 Error(s), 0 Warning(s).
Build target 'Target 1'
compiling main.c...
linking...
Program Size: Code=1456 RO-data=84 RW-data=0 ZI-data=1256  
FromELF: creating hex file...
"Modern_VOTER.axf" - 0 Error(s), 0 Warning(s).
Build target 'Target 1'
compiling main.c...
linking...
Program Size: Code=1456 RO-data=84 RW-data=0 ZI-data=1256  
FromELF: creating hex file...
"Modern_VOTER.axf" - 0 Error(s), 0 Warning(s).
Build target 'Target 1'
compiling main.c...
linking...
Program Size: Code=1456 RO-data=84 RW-data=0 ZI-data=1256  
FromELF: creating hex file...
"Modern_VOTER.axf" - 0 Error(s), 0 Warning(s).
Build target 'Target 1'
compiling main.c...
linking...
Program Size: Code=1456 RO-data=84 RW-data=0 ZI-data=1256  
FromELF: creating hex file...
"Modern_VOTER.axf" - 0 Error(s), 0 Warning(s).
