<html>
<body>
<pre>
<h1>µVision Build Log</h1>
<h2>Project:</h2>
C:\Users\haris\Documents\ARM\Embedded C\Mini_Project\Voting_machine\Modern_VOTER.uvproj
Project File Date:  02/22/2026

<h2>Output:</h2>
Build target 'Target 1'
linking...
Program Size: Code=3876 RO-data=48 RW-data=12 ZI-data=1276  
FromELF: creating hex file...
"Modern_VOTER.axf" - 0 Error(s), 0 Warning(s).
Build target 'Target 1'
compiling main.c...
main.c(60): warning:  #167-D: argument of type "char *" is incompatible with parameter of type "unsigned char *"
linking...
Program Size: Code=3884 RO-data=48 RW-data=12 ZI-data=1276  
FromELF: creating hex file...
"Modern_VOTER.axf" - 0 Error(s), 1 Warning(s).
Build target 'Target 1'
compiling main.c...
linking...
Program Size: Code=3884 RO-data=48 RW-data=12 ZI-data=1276  
FromELF: creating hex file...
"Modern_VOTER.axf" - 0 Error(s), 0 Warning(s).
Build target 'Target 1'
compiling main.c...
main.c(66): error:  #29: expected an expression
main.c(66): error:  #20: identifier "i" is undefined
Target not created
Build target 'Target 1'
compiling main.c...
main.c(46): error:  #268: declaration may not appear after executable statement in block
Target not created
Build target 'Target 1'
compiling main.c...
linking...
Program Size: Code=3860 RO-data=48 RW-data=12 ZI-data=1276  
FromELF: creating hex file...
"Modern_VOTER.axf" - 0 Error(s), 0 Warning(s).
Build target 'Target 1'
linking...
Program Size: Code=3860 RO-data=48 RW-data=12 ZI-data=1276  
FromELF: creating hex file...
"Modern_VOTER.axf" - 0 Error(s), 0 Warning(s).
Build target 'Target 1'
compiling main.c...
linking...
Program Size: Code=3896 RO-data=48 RW-data=12 ZI-data=1276  
FromELF: creating hex file...
"Modern_VOTER.axf" - 0 Error(s), 0 Warning(s).
