<html>
<body>
<pre>
<h1>µVision Build Log</h1>
<h2>Project:</h2>
C:\Users\haris\Documents\ARM\Embedded C\Mini_Project\Voting_machine\Modern_VOTER.uvproj
Project File Date:  02/18/2026

<h2>Output:</h2>
Build target 'Target 1'
compiling main.c...
main.c(9): error:  #144: a value of type "char *" cannot be used to initialize an entity of type "unsigned char"
main.c(55): warning:  #167-D: argument of type "unsigned char *" is incompatible with parameter of type "const char *"
main.c(55): error:  #167: argument of type "unsigned char" is incompatible with parameter of type "const char *"
Target not created
Build target 'Target 1'
compiling main.c...
main.c(9): error:  #144: a value of type "char *" cannot be used to initialize an entity of type "char"
main.c(55): warning:  #167-D: argument of type "unsigned char *" is incompatible with parameter of type "const char *"
main.c(55): error:  #167: argument of type "char" is incompatible with parameter of type "const char *"
Target not created
Build target 'Target 1'
compiling main.c...
main.c(55): warning:  #167-D: argument of type "unsigned char *" is incompatible with parameter of type "const char *"
main.c(55): warning:  #167-D: argument of type "unsigned char *" is incompatible with parameter of type "const char *"
linking...
Program Size: Code=2092 RO-data=112 RW-data=8 ZI-data=1272  
FromELF: creating hex file...
"Modern_VOTER.axf" - 0 Error(s), 2 Warning(s).
Build target 'Target 1'
compiling main.c...
linking...
Program Size: Code=2092 RO-data=112 RW-data=8 ZI-data=1272  
FromELF: creating hex file...
"Modern_VOTER.axf" - 0 Error(s), 0 Warning(s).
Build target 'Target 1'
compiling main.c...
linking...
Program Size: Code=2164 RO-data=112 RW-data=8 ZI-data=1272  
FromELF: creating hex file...
"Modern_VOTER.axf" - 0 Error(s), 0 Warning(s).
Build target 'Target 1'
compiling main.c...
linking...
Program Size: Code=2164 RO-data=112 RW-data=8 ZI-data=1272  
FromELF: creating hex file...
"Modern_VOTER.axf" - 0 Error(s), 0 Warning(s).
Build target 'Target 1'
compiling main.c...
linking...
Program Size: Code=2164 RO-data=112 RW-data=8 ZI-data=1272  
FromELF: creating hex file...
"Modern_VOTER.axf" - 0 Error(s), 0 Warning(s).
Build target 'Target 1'
compiling main.c...
linking...
Program Size: Code=2172 RO-data=112 RW-data=8 ZI-data=1272  
FromELF: creating hex file...
"Modern_VOTER.axf" - 0 Error(s), 0 Warning(s).
Build target 'Target 1'
compiling main.c...
linking...
Program Size: Code=2172 RO-data=112 RW-data=8 ZI-data=1272  
FromELF: creating hex file...
"Modern_VOTER.axf" - 0 Error(s), 0 Warning(s).
Build target 'Target 1'
compiling main.c...
main.c(15): warning:  #550-D: variable "TAG" was set but never used
main.c(52): error:  #20: identifier "TAG" is undefined
Target not created
Build target 'Target 1'
compiling main.c...
linking...
Program Size: Code=2172 RO-data=112 RW-data=8 ZI-data=1272  
FromELF: creating hex file...
"Modern_VOTER.axf" - 0 Error(s), 0 Warning(s).
Build target 'Target 1'
compiling main.c...
main.c(16): warning:  #550-D: variable "c" was set but never used
linking...
Program Size: Code=2200 RO-data=112 RW-data=8 ZI-data=1272  
FromELF: creating hex file...
"Modern_VOTER.axf" - 0 Error(s), 1 Warning(s).
Build target 'Target 1'
compiling main.c...
main.c(16): warning:  #550-D: variable "c" was set but never used
linking...
Program Size: Code=2188 RO-data=112 RW-data=8 ZI-data=1272  
FromELF: creating hex file...
"Modern_VOTER.axf" - 0 Error(s), 1 Warning(s).
Build target 'Target 1'
compiling main.c...
linking...
Program Size: Code=2172 RO-data=112 RW-data=8 ZI-data=1272  
FromELF: creating hex file...
"Modern_VOTER.axf" - 0 Error(s), 0 Warning(s).
