<html>
<body>
<pre>
<h1>µVision Build Log</h1>
<h2>Project:</h2>
C:\Users\haris\Documents\ARM\Embedded C\Mini_Project\Voting_machine\Modern_VOTER.uvproj
Project File Date:  02/22/2026

<h2>Output:</h2>
Build target 'Target 1'
compiling main.c...
linking...
Program Size: Code=3332 RO-data=48 RW-data=12 ZI-data=1276  
FromELF: creating hex file...
"Modern_VOTER.axf" - 0 Error(s), 0 Warning(s).
Build target 'Target 1'
compiling main.c...
linking...
Program Size: Code=3332 RO-data=48 RW-data=12 ZI-data=1276  
FromELF: creating hex file...
"Modern_VOTER.axf" - 0 Error(s), 0 Warning(s).
Build target 'Target 1'
compiling main.c...
linking...
Program Size: Code=3308 RO-data=48 RW-data=12 ZI-data=1276  
FromELF: creating hex file...
"Modern_VOTER.axf" - 0 Error(s), 0 Warning(s).
Build target 'Target 1'
compiling main.c...
linking...
Program Size: Code=3300 RO-data=48 RW-data=12 ZI-data=1276  
FromELF: creating hex file...
"Modern_VOTER.axf" - 0 Error(s), 0 Warning(s).
Build target 'Target 1'
linking...
Program Size: Code=3300 RO-data=48 RW-data=12 ZI-data=1276  
FromELF: creating hex file...
"Modern_VOTER.axf" - 0 Error(s), 0 Warning(s).
Build target 'Target 1'
compiling main.c...
linking...
Program Size: Code=3308 RO-data=48 RW-data=12 ZI-data=1276  
FromELF: creating hex file...
"Modern_VOTER.axf" - 0 Error(s), 0 Warning(s).
